0.000000000000000000e+00 2.601610702784890594e-01 4.833467712593749188e-01
